// Jest Snapshot v1, https://goo.gl/fbAQLP

exports[`Rendering Stockchart Should render with data 1`] = `ShallowWrapper {}`;

exports[`Rendering Stockchart Should update when data is changed 1`] = `ReactWrapper {}`;
