// Jest Snapshot v1, https://goo.gl/fbAQLP

exports[`Rendering Wrapper Should render 1`] = `ShallowWrapper {}`;
