// Jest Snapshot v1, https://goo.gl/fbAQLP

exports[`Rendering Header Should render Header without errors 1`] = `ShallowWrapper {}`;
