// Jest Snapshot v1, https://goo.gl/fbAQLP

exports[`Rendering Register Should render 1`] = `ShallowWrapper {}`;
