// Jest Snapshot v1, https://goo.gl/fbAQLP

exports[`Rendering Settings Should render 1`] = `ShallowWrapper {}`;
