// Jest Snapshot v1, https://goo.gl/fbAQLP

exports[`Rendering Watchlist Should render 1`] = `ShallowWrapper {}`;
