// Jest Snapshot v1, https://goo.gl/fbAQLP

exports[`displays the correct message 1`] = `
<div
  className="fade alert alert-success show"
  role="alert"
>
  <div
    className="alert-heading h4"
  >
    Success!
  </div>
  <p>
    This is a test
  </p>
</div>
`;
