// Jest Snapshot v1, https://goo.gl/fbAQLP

exports[`Rendering Unavailable alert with message Displays the correct message 1`] = `
<div
  className="fade alert alert-danger show"
  role="alert"
>
  <div
    className="alert-heading h4"
  >
    Service Unavailable
  </div>
  <p>
    This is a test
  </p>
</div>
`;
