// Jest Snapshot v1, https://goo.gl/fbAQLP

exports[`Rendering Unavailable alert with message Displays the correct message 1`] = `
<div
  className="fade alert alert-warning show"
  role="alert"
>
  <div
    className="alert-heading h4"
  >
    Test
  </div>
  This is a test
</div>
`;
